..F..FFFF.....FF......FFF....FF.F..FFFF...........
======================================================================
FAIL: TestRst_10_LiteralBlock3; Lossy doctree comparison; Writer 'rst-mpe'
----------------------------------------------------------------------
Traceback (most recent call last):
  File "/srv/project-mpe/docutils-ext/test/util.py", line 228, in runTest
    self._test_writer(writer_class(), lossy=lossy)
  File "/srv/project-mpe/docutils-ext/test/util.py", line 135, in _test_writer
    self.__test_writer(writer, lossy=lossy)
  File "/srv/project-mpe/docutils-ext/test/util.py", line 210, in __test_writer
    diff )
AssertionError: pxml tree mismatch 
 on </srv/project-mpe/docutils-ext/var/test-rst.10.literal-block-3.rst>

---  

+++  

@@ -5,8 +5,11 @@

         or quoted text is a literal block.
     <literal_block xml:space="preserve">
         Whitespace, newlines, blank lines, and
-        all kinds of markup (like *this* or
-        \this) is preserved by literal blocks.
+        all kinds of markup (like 
+        <emphasis>
+            this
+         or
+        this) is preserved by literal blocks.
         
         The paragraph containing only '::'
         will be omitted from the result.

======================================================================
FAIL: TestRst_13_Table; Lossy doctree comparison; Writer 'rst-mpe'
----------------------------------------------------------------------
Traceback (most recent call last):
  File "/srv/project-mpe/docutils-ext/test/util.py", line 228, in runTest
    self._test_writer(writer_class(), lossy=lossy)
  File "/srv/project-mpe/docutils-ext/test/util.py", line 135, in _test_writer
    self.__test_writer(writer, lossy=lossy)
  File "/srv/project-mpe/docutils-ext/test/util.py", line 210, in __test_writer
    diff )
AssertionError: pxml tree mismatch 
 on </srv/project-mpe/docutils-ext/var/test-rst.13.table.rst>

---  

+++  

@@ -1,28 +1,14 @@

 <document source="/srv/project-mpe/docutils-ext/var/test-rst.13.table.rst">
-    <table>
-        <tgroup cols="2">
-            <colspec colwidth="6">
-            <colspec colwidth="8">
-            <tbody>
-                <row>
-                    <entry>
-                        <paragraph>
-                            Simple
-                    <entry>
-                        <paragraph>
-                            Table
-                <row>
-                    <entry>
-                        <paragraph>
-                            001
-                    <entry>
-                        <paragraph>
-                            AAA
-                <row>
-                    <entry>
-                        <paragraph>
-                            001
-                    <entry>
-                        <paragraph>
-                            AAB
+    <paragraph>
+        [XXX:table 0 0 u'' []][XXX:tgroup 0 0 u'' []][XXX:colspec 0 0 u'' []][XXX:colspec 0 0 u'' []][XXX:tbody 0 0 u'' []][XXX:row 0 0 u'' []][XXX:entry 0 0 u'' []]Simple[XXX:entry 1 6 u'' []]
+    <paragraph>
+        Table[XXX:row 2 5 u'' []][XXX:entry 2 5 u'' []]
+    <paragraph>
+        001[XXX:entry 3 3 u'' []]
+    <paragraph>
+        AAA[XXX:row 4 3 u'' []][XXX:entry 4 3 u'' []]
+    <paragraph>
+        001[XXX:entry 5 3 u'' []]
+    <paragraph>
+        AAB
 

======================================================================
FAIL: TestRst_13_Table2; Lossy doctree comparison; Writer 'rst-mpe'
----------------------------------------------------------------------
Traceback (most recent call last):
  File "/srv/project-mpe/docutils-ext/test/util.py", line 228, in runTest
    self._test_writer(writer_class(), lossy=lossy)
  File "/srv/project-mpe/docutils-ext/test/util.py", line 135, in _test_writer
    self.__test_writer(writer, lossy=lossy)
  File "/srv/project-mpe/docutils-ext/test/util.py", line 203, in __test_writer
    warnings)
AssertionError: Error re-parsing generated file
 on </srv/project-mpe/docutils-ext/var/test-rst.13.table-2.rst>

/srv/project-mpe/docutils-ext/var/test-rst.13.table-2.rst:12: (WARNING/2) Bullet list ends without a blank line; unexpected unindent.
/srv/project-mpe/docutils-ext/var/test-rst.13.table-2.rst:15: (WARNING/2) Field list ends without a blank line; unexpected unindent.
/srv/project-mpe/docutils-ext/var/test-rst.13.table-2.rst:18: (WARNING/2) Bullet list ends without a blank line; unexpected unindent.
/srv/project-mpe/docutils-ext/var/test-rst.13.table-2.rst:21: (WARNING/2) Enumerated list ends without a blank line; unexpected unindent.
/srv/project-mpe/docutils-ext/var/test-rst.13.table-2.rst:25: (WARNING/2) Bullet list ends without a blank line; unexpected unindent.
/srv/project-mpe/docutils-ext/var/test-rst.13.table-2.rst:28: (WARNING/2) Bullet list ends without a blank line; unexpected unindent.


======================================================================
FAIL: TestRst_13_Table3; Lossy doctree comparison; Writer 'rst-mpe'
----------------------------------------------------------------------
Traceback (most recent call last):
  File "/srv/project-mpe/docutils-ext/test/util.py", line 228, in runTest
    self._test_writer(writer_class(), lossy=lossy)
  File "/srv/project-mpe/docutils-ext/test/util.py", line 135, in _test_writer
    self.__test_writer(writer, lossy=lossy)
  File "/srv/project-mpe/docutils-ext/test/util.py", line 210, in __test_writer
    diff )
AssertionError: pxml tree mismatch 
 on </srv/project-mpe/docutils-ext/var/test-rst.13.table-3.rst>

---  

+++  

@@ -1,66 +1,36 @@

 <document source="/srv/project-mpe/docutils-ext/var/test-rst.13.table-3.rst">
-    <table>
-        <tgroup cols="3">
-            <colspec colwidth="5">
-            <colspec colwidth="5">
-            <colspec colwidth="6">
-            <thead>
-                <row>
-                    <entry morecols="1">
-                        <paragraph>
-                            Inputs
-                    <entry>
-                        <paragraph>
-                            Output
-                <row>
-                    <entry>
-                        <paragraph>
-                            A
-                    <entry>
-                        <paragraph>
-                            B
-                    <entry>
-                        <paragraph>
-                            A or B
-            <tbody>
-                <row>
-                    <entry>
-                        <paragraph>
-                            False
-                    <entry>
-                        <paragraph>
-                            False
-                    <entry>
-                        <paragraph>
-                            False
-                <row>
-                    <entry>
-                        <paragraph>
-                            True
-                    <entry>
-                        <paragraph>
-                            False
-                    <entry>
-                        <paragraph>
-                            True
-                <row>
-                    <entry>
-                        <paragraph>
-                            False
-                    <entry>
-                        <paragraph>
-                            True
-                    <entry>
-                        <paragraph>
-                            True
-                <row>
-                    <entry>
-                        <paragraph>
-                            True
-                    <entry>
-                        <paragraph>
-                            True
-                    <entry>
-                        <paragraph>
-                            True
+    <paragraph>
+        [XXX:table 0 0 u'' []][XXX:tgroup 0 0 u'' []][XXX:colspec 0 0 u'' []][XXX:colspec 0 0 u'' []][XXX:colspec 0 0 u'' []][XXX:thead 0 0 u'' []][XXX:row 0 0 u'' []][XXX:entry 0 0 u'' []]Inputs[XXX:entry 1 6 u'' []]
+    <paragraph>
+        Output[XXX:row 2 6 u'' []][XXX:entry 2 6 u'' []]
+    <paragraph>
+        A[XXX:entry 3 1 u'' []]
+    <paragraph>
+        B[XXX:entry 4 1 u'' []]
+    <paragraph>
+        A or B[XXX:tbody 5 6 u'' []][XXX:row 5 6 u'' []][XXX:entry 5 6 u'' []]
+    <paragraph>
+        False[XXX:entry 6 5 u'' []]
+    <paragraph>
+        False[XXX:entry 7 5 u'' []]
+    <paragraph>
+        False[XXX:row 8 5 u'' []][XXX:entry 8 5 u'' []]
+    <paragraph>
+        True[XXX:entry 9 4 u'' []]
+    <paragraph>
+        False[XXX:entry 10 5 u'' []]
+    <paragraph>
+        True[XXX:row 11 4 u'' []][XXX:entry 11 4 u'' []]
+    <paragraph>
+        False[XXX:entry 12 5 u'' []]
+    <paragraph>
+        True[XXX:entry 13 4 u'' []]
+    <paragraph>
+        True[XXX:row 14 4 u'' []][XXX:entry 14 4 u'' []]
+    <paragraph>
+        True[XXX:entry 15 4 u'' []]
+    <paragraph>
+        True[XXX:entry 16 4 u'' []]
+    <paragraph>
+        True
 

======================================================================
FAIL: TestRst_13_Table4; Lossy doctree comparison; Writer 'rst-mpe'
----------------------------------------------------------------------
Traceback (most recent call last):
  File "/srv/project-mpe/docutils-ext/test/util.py", line 228, in runTest
    self._test_writer(writer_class(), lossy=lossy)
  File "/srv/project-mpe/docutils-ext/test/util.py", line 135, in _test_writer
    self.__test_writer(writer, lossy=lossy)
  File "/srv/project-mpe/docutils-ext/test/util.py", line 203, in __test_writer
    warnings)
AssertionError: Error re-parsing generated file
 on </srv/project-mpe/docutils-ext/var/test-rst.13.table-4.rst>

/srv/project-mpe/docutils-ext/var/test-rst.13.table-4.rst:25: (WARNING/2) Bullet list ends without a blank line; unexpected unindent.


======================================================================
FAIL: TestRst_17_Tables1; Lossy doctree comparison; Writer 'rst-mpe'
----------------------------------------------------------------------
Traceback (most recent call last):
  File "/srv/project-mpe/docutils-ext/test/util.py", line 228, in runTest
    self._test_writer(writer_class(), lossy=lossy)
  File "/srv/project-mpe/docutils-ext/test/util.py", line 135, in _test_writer
    self.__test_writer(writer, lossy=lossy)
  File "/srv/project-mpe/docutils-ext/test/util.py", line 210, in __test_writer
    diff )
AssertionError: pxml tree mismatch 
 on </srv/project-mpe/docutils-ext/var/test-rst.17.tables-1.rst>

---  

+++  

@@ -1,21 +1,10 @@

 <document source="/srv/project-mpe/docutils-ext/var/test-rst.17.tables-1.rst">
-    <table>
-        <tgroup cols="2">
-            <colspec colwidth="5">
-            <colspec colwidth="5">
-            <tbody>
-                <row>
-                    <entry>
-                        <paragraph>
-                            d1
-                    <entry>
-                        <paragraph>
-                            d2
-                <row>
-                    <entry>
-                        <paragraph>
-                            d3
-                    <entry>
-                        <paragraph>
-                            d4
+    <paragraph>
+        [XXX:table 0 0 u'' []][XXX:tgroup 0 0 u'' []][XXX:colspec 0 0 u'' []][XXX:colspec 0 0 u'' []][XXX:tbody 0 0 u'' []][XXX:row 0 0 u'' []][XXX:entry 0 0 u'' []]d1[XXX:entry 1 2 u'' []]
+    <paragraph>
+        d2[XXX:row 2 2 u'' []][XXX:entry 2 2 u'' []]
+    <paragraph>
+        d3[XXX:entry 3 2 u'' []]
+    <paragraph>
+        d4
 

======================================================================
FAIL: TestRst_17_Tables2; Lossy doctree comparison; Writer 'rst-mpe'
----------------------------------------------------------------------
Traceback (most recent call last):
  File "/srv/project-mpe/docutils-ext/test/util.py", line 228, in runTest
    self._test_writer(writer_class(), lossy=lossy)
  File "/srv/project-mpe/docutils-ext/test/util.py", line 135, in _test_writer
    self.__test_writer(writer, lossy=lossy)
  File "/srv/project-mpe/docutils-ext/test/util.py", line 203, in __test_writer
    warnings)
AssertionError: Error re-parsing generated file
 on </srv/project-mpe/docutils-ext/var/test-rst.17.tables-2.rst>

/srv/project-mpe/docutils-ext/var/test-rst.17.tables-2.rst:2: (WARNING/2) Title underline too short.

[XXX:table 0 0 u'' []]Caption/Summary
===============


======================================================================
FAIL: TestRst_1_Document5_FullRstDemo; Lossy doctree comparison; Writer 'rst-mpe'
----------------------------------------------------------------------
Traceback (most recent call last):
  File "/srv/project-mpe/docutils-ext/test/util.py", line 228, in runTest
    self._test_writer(writer_class(), lossy=lossy)
  File "/srv/project-mpe/docutils-ext/test/util.py", line 137, in _test_writer
    self.fail(e)
AssertionError: /srv/project-mpe/docutils-ext/var/test-rst.1.document-5.full-rst-demo.rst:64: (SEVERE/4) Title level inconsistent:

2.1.1\xa0\xa0\xa0Inline Markup
^^^^^^^^^^^^^

======================================================================
FAIL: TestRst_1_Document6; Lossy doctree comparison; Writer 'rst-mpe'
----------------------------------------------------------------------
Traceback (most recent call last):
  File "/srv/project-mpe/docutils-ext/test/util.py", line 228, in runTest
    self._test_writer(writer_class(), lossy=lossy)
  File "/srv/project-mpe/docutils-ext/test/util.py", line 135, in _test_writer
    self.__test_writer(writer, lossy=lossy)
  File "/srv/project-mpe/docutils-ext/test/util.py", line 203, in __test_writer
    warnings)
AssertionError: Error re-parsing generated file
 on </srv/project-mpe/docutils-ext/var/test-rst.1.document-6.rst>

/srv/project-mpe/docutils-ext/var/test-rst.1.document-6.rst:8: (WARNING/2) Bibliographic field "Authors" incompatible with extraction: it must contain either a single paragraph (with authors separated by one of ";,"), multiple paragraphs (one per author), or a bullet list with one paragraph (one author) per item.
/srv/project-mpe/docutils-ext/var/test-rst.1.document-6.rst:: (ERROR/3) Unknown target name: "goodger@python.org".


======================================================================
FAIL: TestRst_1_Document7; Lossy doctree comparison; Writer 'rst-mpe'
----------------------------------------------------------------------
Traceback (most recent call last):
  File "/srv/project-mpe/docutils-ext/test/util.py", line 228, in runTest
    self._test_writer(writer_class(), lossy=lossy)
  File "/srv/project-mpe/docutils-ext/test/util.py", line 135, in _test_writer
    self.__test_writer(writer, lossy=lossy)
  File "/srv/project-mpe/docutils-ext/test/util.py", line 210, in __test_writer
    diff )
AssertionError: pxml tree mismatch 
 on </srv/project-mpe/docutils-ext/var/test-rst.1.document-7.rst>

---  

+++  

@@ -11,16 +11,12 @@

                 The fanatics going straight forward and openly, the politicians by the surer mode of zigzag.
         <attribution>
             Burke.
-    <enumerated_list enumtype="arabic" prefix="" start="2" suffix=".">
-        <list_item>
-            <paragraph>
-                (Arch.) A molding running in a zigzag line; a chevron, or series of chevrons.
-        <list_item>
-            <paragraph>
-                (Fort.) See Boyau. 
-                <footnote_reference auto="1" ids="id1" refid="id2">
-                    1
-    <footnote auto="1" backrefs="id1" ids="id2" names="1">
+    <paragraph>
+        2. (Arch.) A molding running in a zigzag line; a chevron, or series of chevrons.
+        2. (Fort.) See Boyau. 
+        <footnote_reference ids="id1" refid="id2">
+            1
+    <footnote auto="1" ids="id2" names="1">
         <label>
             1
         <paragraph>

======================================================================
FAIL: TestRst_22_Docinfo; Lossy doctree comparison; Writer 'rst-mpe'
----------------------------------------------------------------------
Traceback (most recent call last):
  File "/srv/project-mpe/docutils-ext/test/util.py", line 228, in runTest
    self._test_writer(writer_class(), lossy=lossy)
  File "/srv/project-mpe/docutils-ext/test/util.py", line 135, in _test_writer
    self.__test_writer(writer, lossy=lossy)
  File "/srv/project-mpe/docutils-ext/test/util.py", line 203, in __test_writer
    warnings)
AssertionError: Error re-parsing generated file
 on </srv/project-mpe/docutils-ext/var/test-rst.22.docinfo.rst>

/srv/project-mpe/docutils-ext/var/test-rst.22.docinfo.rst:8: (WARNING/2) Bibliographic field "Authors" incompatible with extraction: it must contain either a single paragraph (with authors separated by one of ";,"), multiple paragraphs (one per author), or a bullet list with one paragraph (one author) per item.
/srv/project-mpe/docutils-ext/var/test-rst.22.docinfo.rst:: (ERROR/3) Unknown target name: "goodger@python.org".


======================================================================
FAIL: TestRst_23_OptionList1; Lossy doctree comparison; Writer 'rst-mpe'
----------------------------------------------------------------------
Traceback (most recent call last):
  File "/srv/project-mpe/docutils-ext/test/util.py", line 228, in runTest
    self._test_writer(writer_class(), lossy=lossy)
  File "/srv/project-mpe/docutils-ext/test/util.py", line 135, in _test_writer
    self.__test_writer(writer, lossy=lossy)
  File "/srv/project-mpe/docutils-ext/test/util.py", line 162, in __test_writer
    warnings)
AssertionError: Corrupt test source file: on </srv/project-mpe/docutils-ext/var/test-rst.23.option-list-1.rst>
/srv/project-mpe/docutils-ext/var/test-rst.23.option-list-1.rst:2: (WARNING/2) Title underline too short.

\ufeffOption Lists
------------


======================================================================
FAIL: TestRst_2_Title1; Lossy doctree comparison; Writer 'rst-mpe'
----------------------------------------------------------------------
Traceback (most recent call last):
  File "/srv/project-mpe/docutils-ext/test/util.py", line 228, in runTest
    self._test_writer(writer_class(), lossy=lossy)
  File "/srv/project-mpe/docutils-ext/test/util.py", line 137, in _test_writer
    self.fail(e)
AssertionError: /srv/project-mpe/docutils-ext/var/test-rst.2.title-1.rst:10: (SEVERE/4) Title level inconsistent:

Title
^^^^^

======================================================================
FAIL: TestRst_5_Inline1; Lossy doctree comparison; Writer 'rst-mpe'
----------------------------------------------------------------------
Traceback (most recent call last):
  File "/srv/project-mpe/docutils-ext/test/util.py", line 228, in runTest
    self._test_writer(writer_class(), lossy=lossy)
  File "/srv/project-mpe/docutils-ext/test/util.py", line 135, in _test_writer
    self.__test_writer(writer, lossy=lossy)
  File "/srv/project-mpe/docutils-ext/test/util.py", line 203, in __test_writer
    warnings)
AssertionError: Error re-parsing generated file
 on </srv/project-mpe/docutils-ext/var/test-rst.5.inline-1.rst>

/srv/project-mpe/docutils-ext/var/test-rst.5.inline-1.rst:9: (ERROR/3) Indirect hyperlink target "reference" (id="reference") refers to target "target", which does not exist.


======================================================================
FAIL: TestRst_5_Inline2; Lossy doctree comparison; Writer 'rst-mpe'
----------------------------------------------------------------------
Traceback (most recent call last):
  File "/srv/project-mpe/docutils-ext/test/util.py", line 228, in runTest
    self._test_writer(writer_class(), lossy=lossy)
  File "/srv/project-mpe/docutils-ext/test/util.py", line 135, in _test_writer
    self.__test_writer(writer, lossy=lossy)
  File "/srv/project-mpe/docutils-ext/test/util.py", line 203, in __test_writer
    warnings)
AssertionError: Error re-parsing generated file
 on </srv/project-mpe/docutils-ext/var/test-rst.5.inline-2.rst>

/srv/project-mpe/docutils-ext/var/test-rst.5.inline-2.rst:5: (WARNING/2) Explicit markup ends without a blank line; unexpected unindent.
/srv/project-mpe/docutils-ext/var/test-rst.5.inline-2.rst:7: (WARNING/2) malformed hyperlink target.
/srv/project-mpe/docutils-ext/var/test-rst.5.inline-2.rst:25: (WARNING/2) Explicit markup ends without a blank line; unexpected unindent.
/srv/project-mpe/docutils-ext/var/test-rst.5.inline-2.rst:30: (WARNING/2) Bullet list ends without a blank line; unexpected unindent.
/srv/project-mpe/docutils-ext/var/test-rst.5.inline-2.rst:31: (WARNING/2) Inline interpreted text or phrase reference start-string without end-string.
/srv/project-mpe/docutils-ext/var/test-rst.5.inline-2.rst:33: (WARNING/2) Definition list ends without a blank line; unexpected unindent.
/srv/project-mpe/docutils-ext/var/test-rst.5.inline-2.rst:33: (WARNING/2) Inline interpreted text or phrase reference start-string without end-string.
/srv/project-mpe/docutils-ext/var/test-rst.5.inline-2.rst:35: (WARNING/2) malformed hyperlink target.
/srv/project-mpe/docutils-ext/var/test-rst.5.inline-2.rst:37: (WARNING/2) malformed hyperlink target.
/srv/project-mpe/docutils-ext/var/test-rst.5.inline-2.rst:: (ERROR/3) Anonymous hyperlink mismatch: 1 references but 0 targets.
See "backrefs" attribute for IDs.
/srv/project-mpe/docutils-ext/var/test-rst.5.inline-2.rst:5: (ERROR/3) Unknown target name: "anonymous inline reference".


======================================================================
FAIL: TestRst_5_Inline3; Lossy doctree comparison; Writer 'rst-mpe'
----------------------------------------------------------------------
Traceback (most recent call last):
  File "/srv/project-mpe/docutils-ext/test/util.py", line 228, in runTest
    self._test_writer(writer_class(), lossy=lossy)
  File "/srv/project-mpe/docutils-ext/test/util.py", line 135, in _test_writer
    self.__test_writer(writer, lossy=lossy)
  File "/srv/project-mpe/docutils-ext/test/util.py", line 203, in __test_writer
    warnings)
AssertionError: Error re-parsing generated file
 on </srv/project-mpe/docutils-ext/var/test-rst.5.inline-3.rst>

/srv/project-mpe/docutils-ext/var/test-rst.5.inline-3.rst:9: (ERROR/3) Unknown interpreted text role "role".
/srv/project-mpe/docutils-ext/var/test-rst.5.inline-3.rst:11: (ERROR/3) Unknown interpreted text role "role".
/srv/project-mpe/docutils-ext/var/test-rst.5.inline-3.rst:13: (ERROR/3) Unknown interpreted text role "role".


======================================================================
FAIL: TestRst_5_Inline4; Lossy doctree comparison; Writer 'rst-mpe'
----------------------------------------------------------------------
Traceback (most recent call last):
  File "/srv/project-mpe/docutils-ext/test/util.py", line 228, in runTest
    self._test_writer(writer_class(), lossy=lossy)
  File "/srv/project-mpe/docutils-ext/test/util.py", line 135, in _test_writer
    self.__test_writer(writer, lossy=lossy)
  File "/srv/project-mpe/docutils-ext/test/util.py", line 203, in __test_writer
    warnings)
AssertionError: Error re-parsing generated file
 on </srv/project-mpe/docutils-ext/var/test-rst.5.inline-4.rst>

/srv/project-mpe/docutils-ext/var/test-rst.5.inline-4.rst:13: (WARNING/2) Explicit markup ends without a blank line; unexpected unindent.
/srv/project-mpe/docutils-ext/var/test-rst.5.inline-4.rst:37: (ERROR/3) Content block expected for the "replace" directive; none found.
/srv/project-mpe/docutils-ext/var/test-rst.5.inline-4.rst:37: (WARNING/2) Substitution definition "EXAMPLE" empty or invalid.

.. |EXAMPLE| replace::

/srv/project-mpe/docutils-ext/var/test-rst.5.inline-4.rst:3: (ERROR/3) Too many symbol footnote references: only 0 corresponding footnotes available.
/srv/project-mpe/docutils-ext/var/test-rst.5.inline-4.rst:3: (ERROR/3) Unknown target name: "example".
/srv/project-mpe/docutils-ext/var/test-rst.5.inline-4.rst:3: (ERROR/3) Unknown target name: "python web site".
/srv/project-mpe/docutils-ext/var/test-rst.5.inline-4.rst:3: (ERROR/3) Unknown target name: "cit2002".
/srv/project-mpe/docutils-ext/var/test-rst.5.inline-4.rst:17: (ERROR/3) Unknown target name: "pep 287".
/srv/project-mpe/docutils-ext/var/test-rst.5.inline-4.rst:17: (ERROR/3) Unknown target name: "rfc 2822".
/srv/project-mpe/docutils-ext/var/test-rst.5.inline-4.rst:48: (ERROR/3) Unknown target name: "label".


----------------------------------------------------------------------
Ran 50 tests in 3.507s

FAILED (failures=17)
